Archive member included to satisfy reference by file (symbol)

d:/stm32cubeide/stm32cubeide/stm32cubeide_1.7.0/stm32cubeide/plugins/com.st.stm32cube.ide.mcu.externaltools.gnu-tools-for-stm32.9-2020-q2-update.win32_2.0.0.202105311346/tools/bin/../lib/gcc/arm-none-eabi/9.3.1/../../../../arm-none-eabi/lib/thumb/v7-m/nofp\libc_nano.a(lib_a-errno.o)
                              ./Core/Src/syscalls.o (__errno)
d:/stm32cubeide/stm32cubeide/stm32cubeide_1.7.0/stm32cubeide/plugins/com.st.stm32cube.ide.mcu.externaltools.gnu-tools-for-stm32.9-2020-q2-update.win32_2.0.0.202105311346/tools/bin/../lib/gcc/arm-none-eabi/9.3.1/../../../../arm-none-eabi/lib/thumb/v7-m/nofp\libc_nano.a(lib_a-exit.o)
                              d:/stm32cubeide/stm32cubeide/stm32cubeide_1.7.0/stm32cubeide/plugins/com.st.stm32cube.ide.mcu.externaltools.gnu-tools-for-stm32.9-2020-q2-update.win32_2.0.0.202105311346/tools/bin/../lib/gcc/arm-none-eabi/9.3.1/../../../../arm-none-eabi/lib/thumb/v7-m/nofp/crt0.o (exit)
d:/stm32cubeide/stm32cubeide/stm32cubeide_1.7.0/stm32cubeide/plugins/com.st.stm32cube.ide.mcu.externaltools.gnu-tools-for-stm32.9-2020-q2-update.win32_2.0.0.202105311346/tools/bin/../lib/gcc/arm-none-eabi/9.3.1/../../../../arm-none-eabi/lib/thumb/v7-m/nofp\libc_nano.a(lib_a-impure.o)
                              d:/stm32cubeide/stm32cubeide/stm32cubeide_1.7.0/stm32cubeide/plugins/com.st.stm32cube.ide.mcu.externaltools.gnu-tools-for-stm32.9-2020-q2-update.win32_2.0.0.202105311346/tools/bin/../lib/gcc/arm-none-eabi/9.3.1/../../../../arm-none-eabi/lib/thumb/v7-m/nofp\libc_nano.a(lib_a-exit.o) (_global_impure_ptr)
d:/stm32cubeide/stm32cubeide/stm32cubeide_1.7.0/stm32cubeide/plugins/com.st.stm32cube.ide.mcu.externaltools.gnu-tools-for-stm32.9-2020-q2-update.win32_2.0.0.202105311346/tools/bin/../lib/gcc/arm-none-eabi/9.3.1/../../../../arm-none-eabi/lib/thumb/v7-m/nofp\libc_nano.a(lib_a-init.o)
                              d:/stm32cubeide/stm32cubeide/stm32cubeide_1.7.0/stm32cubeide/plugins/com.st.stm32cube.ide.mcu.externaltools.gnu-tools-for-stm32.9-2020-q2-update.win32_2.0.0.202105311346/tools/bin/../lib/gcc/arm-none-eabi/9.3.1/../../../../arm-none-eabi/lib/thumb/v7-m/nofp/crt0.o (__libc_init_array)
d:/stm32cubeide/stm32cubeide/stm32cubeide_1.7.0/stm32cubeide/plugins/com.st.stm32cube.ide.mcu.externaltools.gnu-tools-for-stm32.9-2020-q2-update.win32_2.0.0.202105311346/tools/bin/../lib/gcc/arm-none-eabi/9.3.1/../../../../arm-none-eabi/lib/thumb/v7-m/nofp\libc_nano.a(lib_a-memset.o)
                              d:/stm32cubeide/stm32cubeide/stm32cubeide_1.7.0/stm32cubeide/plugins/com.st.stm32cube.ide.mcu.externaltools.gnu-tools-for-stm32.9-2020-q2-update.win32_2.0.0.202105311346/tools/bin/../lib/gcc/arm-none-eabi/9.3.1/../../../../arm-none-eabi/lib/thumb/v7-m/nofp/crt0.o (memset)

Allocating common symbols
Common symbol       size              file

uwTick              0x4               ./Drivers/STM32F1xx_HAL_Driver/Src/stm32f1xx_hal.o
pFlash              0x20              ./Drivers/STM32F1xx_HAL_Driver/Src/stm32f1xx_hal_flash.o
time_AMBER_edit     0x4               ./Core/Src/input_process.o
time_GREEN_edit     0x4               ./Core/Src/input_process.o
time_RED_edit       0x4               ./Core/Src/input_process.o
htim2               0x48              ./Core/Src/main.o

Discarded input sections

 .text          0x0000000000000000        0x0 d:/stm32cubeide/stm32cubeide/stm32cubeide_1.7.0/stm32cubeide/plugins/com.st.stm32cube.ide.mcu.externaltools.gnu-tools-for-stm32.9-2020-q2-update.win32_2.0.0.202105311346/tools/bin/../lib/gcc/arm-none-eabi/9.3.1/thumb/v7-m/nofp/crti.o
 .data          0x0000000000000000        0x0 d:/stm32cubeide/stm32cubeide/stm32cubeide_1.7.0/stm32cubeide/plugins/com.st.stm32cube.ide.mcu.externaltools.gnu-tools-for-stm32.9-2020-q2-update.win32_2.0.0.202105311346/tools/bin/../lib/gcc/arm-none-eabi/9.3.1/thumb/v7-m/nofp/crti.o
 .bss           0x0000000000000000        0x0 d:/stm32cubeide/stm32cubeide/stm32cubeide_1.7.0/stm32cubeide/plugins/com.st.stm32cube.ide.mcu.externaltools.gnu-tools-for-stm32.9-2020-q2-update.win32_2.0.0.202105311346/tools/bin/../lib/gcc/arm-none-eabi/9.3.1/thumb/v7-m/nofp/crti.o
 .data          0x0000000000000000        0x4 d:/stm32cubeide/stm32cubeide/stm32cubeide_1.7.0/stm32cubeide/plugins/com.st.stm32cube.ide.mcu.externaltools.gnu-tools-for-stm32.9-2020-q2-update.win32_2.0.0.202105311346/tools/bin/../lib/gcc/arm-none-eabi/9.3.1/thumb/v7-m/nofp/crtbegin.o
 .text          0x0000000000000000       0x7c d:/stm32cubeide/stm32cubeide/stm32cubeide_1.7.0/stm32cubeide/plugins/com.st.stm32cube.ide.mcu.externaltools.gnu-tools-for-stm32.9-2020-q2-update.win32_2.0.0.202105311346/tools/bin/../lib/gcc/arm-none-eabi/9.3.1/../../../../arm-none-eabi/lib/thumb/v7-m/nofp/crt0.o
[...]
Memory Configuration

Name             Origin             Length             Attributes
RAM              0x0000000020000000 0x0000000000002800 xrw
FLASH            0x0000000008000000 0x0000000000008000 xr
*default*        0x0000000000000000 0xffffffffffffffff

Linker script and memory map

LOAD d:/stm32cubeide/stm32cubeide/stm32cubeide_1.7.0/stm32cubeide/plugins/com.st.stm32cube.ide.mcu.externaltools.gnu-tools-for-stm32.9-2020-q2-update.win32_2.0.0.202105311346/tools/bin/../lib/gcc/arm-none-eabi/9.3.1/thumb/v7-m/nofp/crti.o
LOAD d:/stm32cubeide/stm32cubeide/stm32cubeide_1.7.0/stm32cubeide/plugins/com.st.stm32cube.ide.mcu.externaltools.gnu-tools-for-stm32.9-2020-q2-update.win32_2.0.0.202105311346/tools/bin/../lib/gcc/arm-none-eabi/9.3.1/thumb/v7-m/nofp/crtbegin.o
LOAD d:/stm32cubeide/stm32cubeide/stm32cubeide_1.7.0/stm32cubeide/plugins/com.st.stm32cube.ide.mcu.externaltools.gnu-tools-for-stm32.9-2020-q2-update.win32_2.0.0.202105311346/tools/bin/../lib/gcc/arm-none-eabi/9.3.1/../../../../arm-none-eabi/lib/thumb/v7-m/nofp/crt0.o
LOAD ./Core/Src/button_debouncing.o
LOAD ./Core/Src/input_process.o
LOAD ./Core/Src/led_display.o
LOAD ./Core/Src/main.o
LOAD ./Core/Src/stm32f1xx_hal_msp.o
LOAD ./Core/Src/stm32f1xx_it.o
LOAD ./Core/Src/syscalls.o
LOAD ./Core/Src/sysmem.o
LOAD ./Core/Src/system_stm32f1xx.o
LOAD ./Core/Startup/startup_stm32f103c6tx.o
LOAD ./Drivers/STM32F1xx_HAL_Driver/Src/stm32f1xx_hal.o
LOAD ./Drivers/STM32F1xx_HAL_Driver/Src/stm32f1xx_hal_cortex.o
LOAD ./Drivers/STM32F1xx_HAL_Driver/Src/stm32f1xx_hal_dma.o
LOAD ./Drivers/STM32F1xx_HAL_Driver/Src/stm32f1xx_hal_exti.o
LOAD ./Drivers/STM32F1xx_HAL_Driver/Src/stm32f1xx_hal_flash.o
LOAD ./Drivers/STM32F1xx_HAL_Driver/Src/stm32f1xx_hal_flash_ex.o
LOAD ./Drivers/STM32F1xx_HAL_Driver/Src/stm32f1xx_hal_gpio.o
LOAD ./Drivers/STM32F1xx_HAL_Driver/Src/stm32f1xx_hal_gpio_ex.o
LOAD ./Drivers/STM32F1xx_HAL_Driver/Src/stm32f1xx_hal_pwr.o
LOAD ./Drivers/STM32F1xx_HAL_Driver/Src/stm32f1xx_hal_rcc.o
LOAD ./Drivers/STM32F1xx_HAL_Driver/Src/stm32f1xx_hal_rcc_ex.o
LOAD ./Drivers/STM32F1xx_HAL_Driver/Src/stm32f1xx_hal_tim.o
LOAD ./Drivers/STM32F1xx_HAL_Driver/Src/stm32f1xx_hal_tim_ex.o
START GROUP
LOAD d:/stm32cubeide/stm32cubeide/stm32cubeide_1.7.0/stm32cubeide/plugins/com.st.stm32cube.ide.mcu.externaltools.gnu-tools-for-stm32.9-2020-q2-update.win32_2.0.0.202105311346/tools/bin/../lib/gcc/arm-none-eabi/9.3.1/../../../../arm-none-eabi/lib/thumb/v7-m/nofp\libc_nano.a
LOAD d:/stm32cubeide/stm32cubeide/stm32cubeide_1.7.0/stm32cubeide/plugins/com.st.stm32cube.ide.mcu.externaltools.gnu-tools-for-stm32.9-2020-q2-update.win32_2.0.0.202105311346/tools/bin/../lib/gcc/arm-none-eabi/9.3.1/../../../../arm-none-eabi/lib/thumb/v7-m/nofp\libm.a
END GROUP
START GROUP
LOAD d:/stm32cubeide/stm32cubeide/stm32cubeide_1.7.0/stm32cubeide/plugins/com.st.stm32cube.ide.mcu.externaltools.gnu-tools-for-stm32.9-2020-q2-update.win32_2.0.0.202105311346/tools/bin/../lib/gcc/arm-none-eabi/9.3.1/thumb/v7-m/nofp\libgcc.a
LOAD d:/stm32cubeide/stm32cubeide/stm32cubeide_1.7.0/stm32cubeide/plugins/com.st.stm32cube.ide.mcu.externaltools.gnu-tools-for-stm32.9-2020-q2-update.win32_2.0.0.202105311346/tools/bin/../lib/gcc/arm-none-eabi/9.3.1/../../../../arm-none-eabi/lib/thumb/v7-m/nofp\libc_nano.a
END GROUP
START GROUP
LOAD d:/stm32cubeide/stm32cubeide/stm32cubeide_1.7.0/stm32cubeide/plugins/com.st.stm32cube.ide.mcu.externaltools.gnu-tools-for-stm32.9-2020-q2-update.win32_2.0.0.202105311346/tools/bin/../lib/gcc/arm-none-eabi/9.3.1/thumb/v7-m/nofp\libgcc.a
LOAD d:/stm32cubeide/stm32cubeide/stm32cubeide_1.7.0/stm32cubeide/plugins/com.st.stm32cube.ide.mcu.externaltools.gnu-tools-for-stm32.9-2020-q2-update.win32_2.0.0.202105311346/tools/bin/../lib/gcc/arm-none-eabi/9.3.1/../../../../arm-none-eabi/lib/thumb/v7-m/nofp\libc_nano.a
LOAD d:/stm32cubeide/stm32cubeide/stm32cubeide_1.7.0/stm32cubeide/plugins/com.st.stm32cube.ide.mcu.externaltools.gnu-tools-for-stm32.9-2020-q2-update.win32_2.0.0.202105311346/tools/bin/../lib/gcc/arm-none-eabi/9.3.1/../../../../arm-none-eabi/lib/thumb/v7-m/nofp\libnosys.a
END GROUP
START GROUP
LOAD d:/stm32cubeide/stm32cubeide/stm32cubeide_1.7.0/stm32cubeide/plugins/com.st.stm32cube.ide.mcu.externaltools.gnu-tools-for-stm32.9-2020-q2-update.win32_2.0.0.202105311346/tools/bin/../lib/gcc/arm-none-eabi/9.3.1/thumb/v7-m/nofp\libgcc.a
LOAD d:/stm32cubeide/stm32cubeide/stm32cubeide_1.7.0/stm32cubeide/plugins/com.st.stm32cube.ide.mcu.externaltools.gnu-tools-for-stm32.9-2020-q2-update.win32_2.0.0.202105311346/tools/bin/../lib/gcc/arm-none-eabi/9.3.1/../../../../arm-none-eabi/lib/thumb/v7-m/nofp\libc_nano.a
LOAD d:/stm32cubeide/stm32cubeide/stm32cubeide_1.7.0/stm32cubeide/plugins/com.st.stm32cube.ide.mcu.externaltools.gnu-tools-for-stm32.9-2020-q2-update.win32_2.0.0.202105311346/tools/bin/../lib/gcc/arm-none-eabi/9.3.1/../../../../arm-none-eabi/lib/thumb/v7-m/nofp\libnosys.a
END GROUP
LOAD d:/stm32cubeide/stm32cubeide/stm32cubeide_1.7.0/stm32cubeide/plugins/com.st.stm32cube.ide.mcu.externaltools.gnu-tools-for-stm32.9-2020-q2-update.win32_2.0.0.202105311346/tools/bin/../lib/gcc/arm-none-eabi/9.3.1/thumb/v7-m/nofp/crtend.o
LOAD d:/stm32cubeide/stm32cubeide/stm32cubeide_1.7.0/stm32cubeide/plugins/com.st.stm32cube.ide.mcu.externaltools.gnu-tools-for-stm32.9-2020-q2-update.win32_2.0.0.202105311346/tools/bin/../lib/gcc/arm-none-eabi/9.3.1/thumb/v7-m/nofp/crtn.o
                0x0000000020002800                _estack = (ORIGIN (RAM) + LENGTH (RAM))
                0x0000000000000200                _Min_Heap_Size = 0x200
                0x0000000000000400                _Min_Stack_Size = 0x400

.isr_vector     0x0000000008000000      0x10c
                0x0000000008000000                . = ALIGN (0x4)
 *(.isr_vector)
 .isr_vector    0x0000000008000000      0x10c ./Core/Startup/startup_stm32f103c6tx.o
                0x0000000008000000                g_pfnVectors
                0x000000000800010c                . = ALIGN (0x4)

.text           0x000000000800010c     0x26a0
                0x000000000800010c                . = ALIGN (0x4)
 *(.text)
 .text          0x000000000800010c       0x40 d:/stm32cubeide/stm32cubeide/stm32cubeide_1.7.0/stm32cubeide/plugins/com.st.stm32cube.ide.mcu.externaltools.gnu-tools-for-stm32.9-2020-q2-update.win32_2.0.0.202105311346/tools/bin/../lib/gcc/arm-none-eabi/9.3.1/thumb/v7-m/nofp/crtbegin.o
 *(.text*)
 .text.button_reading
                0x000000000800014c       0xbc ./Core/Src/button_debouncing.o
                0x000000000800014c                button_reading
 .text.get_flag_for_button2_press_1s
                0x0000000008000208       0x14 ./Core/Src/button_debouncing.o
                0x0000000008000208                get_flag_for_button2_press_1s
 .text.is_button1_pressed
                0x000000000800021c       0x3c ./Core/Src/button_debouncing.o
                0x000000000800021c                is_button1_pressed
 .text.is_button3_pressed
                0x0000000008000258       0x3c ./Core/Src/button_debouncing.o
                0x0000000008000258                is_button3_pressed
 .text.is_button2_pressed
                0x0000000008000294       0x3c ./Core/Src/button_debouncing.o
                0x0000000008000294                is_button2_pressed
 .text.fsm_for_input_processing
                0x00000000080002d0      0x184 ./Core/Src/input_process.o
                0x00000000080002d0                fsm_for_input_processing
 .text.increases_time
                0x0000000008000454       0x8c ./Core/Src/input_process.o
                0x0000000008000454                increases_time
 .text.auto_increases_time
                0x00000000080004e0       0x28 ./Core/Src/input_process.o
                0x00000000080004e0                auto_increases_time
 .text.blinking_led
                0x0000000008000508       0xf0 ./Core/Src/input_process.o
                0x0000000008000508                blinking_led
 .text.display7SEG
                0x00000000080005f8      0x154 ./Core/Src/led_display.o
                0x00000000080005f8                display7SEG
 .text.displayLedTopBottom
                0x000000000800074c       0x90 ./Core/Src/led_display.o
                0x000000000800074c                displayLedTopBottom
 .text.displayLedLeftRight
                0x00000000080007dc       0x90 ./Core/Src/led_display.o
                0x00000000080007dc                displayLedLeftRight
 .text.displayTrafficLight_LeftRight
                0x000000000800086c       0x7c ./Core/Src/led_display.o
                0x000000000800086c                displayTrafficLight_LeftRight
 .text.displayTrafficLight
                0x00000000080008e8       0xf0 ./Core/Src/led_display.o
                0x00000000080008e8                displayTrafficLight
 .text.clearAllLedEdit
                0x00000000080009d8       0x34 ./Core/Src/led_display.o
                0x00000000080009d8                clearAllLedEdit
 .text.clearAllLedTraffic
                0x0000000008000a0c       0x74 ./Core/Src/led_display.o
                0x0000000008000a0c                clearAllLedTraffic
 .text.DisplayMain
                0x0000000008000a80      0x15c ./Core/Src/led_display.o
                0x0000000008000a80                DisplayMain
 .text.DisplayMainEdit
                0x0000000008000bdc      0x10c ./Core/Src/led_display.o
                0x0000000008000bdc                DisplayMainEdit
 .text.getTimeRed
                0x0000000008000ce8       0x14 ./Core/Src/led_display.o
                0x0000000008000ce8                getTimeRed
 .text.getTimeGreen
                0x0000000008000cfc       0x14 ./Core/Src/led_display.o
                0x0000000008000cfc                getTimeGreen
 .text.getTimeAmber
                0x0000000008000d10       0x14 ./Core/Src/led_display.o
                0x0000000008000d10                getTimeAmber
 .text.setTimeRed
                0x0000000008000d24       0x1c ./Core/Src/led_display.o
                0x0000000008000d24                setTimeRed
 .text.setTimeGreen
                0x0000000008000d40       0x1c ./Core/Src/led_display.o
                0x0000000008000d40                setTimeGreen
 .text.setTimeAmber
                0x0000000008000d5c       0x1c ./Core/Src/led_display.o
                0x0000000008000d5c                setTimeAmber
 .text.setTime  0x0000000008000d78       0x60 ./Core/Src/led_display.o
                0x0000000008000d78                setTime
 .text.main     0x0000000008000dd8       0x20 ./Core/Src/main.o
                0x0000000008000dd8                main
 .text.SystemClock_Config
                0x0000000008000df8       0x76 ./Core/Src/main.o
                0x0000000008000df8                SystemClock_Config
 *fill*         0x0000000008000e6e        0x2 
 .text.MX_TIM2_Init
                0x0000000008000e70       0x98 ./Core/Src/main.o
 .text.MX_GPIO_Init
                0x0000000008000f08       0xac ./Core/Src/main.o
 .text.HAL_TIM_PeriodElapsedCallback
                0x0000000008000fb4       0x18 ./Core/Src/main.o
                0x0000000008000fb4                HAL_TIM_PeriodElapsedCallback
 .text.Error_Handler
                0x0000000008000fcc        0xa ./Core/Src/main.o
                0x0000000008000fcc                Error_Handler
 *fill*         0x0000000008000fd6        0x2 
 .text.HAL_MspInit
                0x0000000008000fd8       0x64 ./Core/Src/stm32f1xx_hal_msp.o
                0x0000000008000fd8                HAL_MspInit
 .text.HAL_TIM_Base_MspInit
                0x000000000800103c       0x48 ./Core/Src/stm32f1xx_hal_msp.o
                0x000000000800103c                HAL_TIM_Base_MspInit
 .text.NMI_Handler
                0x0000000008001084        0x6 ./Core/Src/stm32f1xx_it.o
                0x0000000008001084                NMI_Handler
 .text.HardFault_Handler
                0x000000000800108a        0x6 ./Core/Src/stm32f1xx_it.o
                0x000000000800108a                HardFault_Handler
 .text.MemManage_Handler
                0x0000000008001090        0x6 ./Core/Src/stm32f1xx_it.o
                0x0000000008001090                MemManage_Handler
 .text.BusFault_Handler
                0x0000000008001096        0x6 ./Core/Src/stm32f1xx_it.o
                0x0000000008001096                BusFault_Handler
 .text.UsageFault_Handler
                0x000000000800109c        0x6 ./Core/Src/stm32f1xx_it.o
                0x000000000800109c                UsageFault_Handler
 .text.SVC_Handler
                0x00000000080010a2        0xc ./Core/Src/stm32f1xx_it.o
                0x00000000080010a2                SVC_Handler
 .text.DebugMon_Handler
                0x00000000080010ae        0xc ./Core/Src/stm32f1xx_it.o
                0x00000000080010ae                DebugMon_Handler
 .text.PendSV_Handler
                0x00000000080010ba        0xc ./Core/Src/stm32f1xx_it.o
                0x00000000080010ba                PendSV_Handler
 .text.SysTick_Handler
                0x00000000080010c6        0xc ./Core/Src/stm32f1xx_it.o
                0x00000000080010c6                SysTick_Handler
 *fill*         0x00000000080010d2        0x2 
 .text.TIM2_IRQHandler
                0x00000000080010d4       0x14 ./Core/Src/stm32f1xx_it.o
                0x00000000080010d4                TIM2_IRQHandler
 .text.SystemInit
                0x00000000080010e8        0xc ./Core/Src/system_stm32f1xx.o
                0x00000000080010e8                SystemInit
 .text.Reset_Handler
                0x00000000080010f4       0x48 ./Core/Startup/startup_stm32f103c6tx.o
                0x00000000080010f4                Reset_Handler
 .text.Default_Handler
                0x000000000800113c        0x2 ./Core/Startup/startup_stm32f103c6tx.o
                0x000000000800113c                RTC_Alarm_IRQHandler
                0x000000000800113c                EXTI2_IRQHandler
                0x000000000800113c                TIM1_CC_IRQHandler
                0x000000000800113c                PVD_IRQHandler
                0x000000000800113c                EXTI3_IRQHandler
                0x000000000800113c                EXTI0_IRQHandler
                0x000000000800113c                ADC1_2_IRQHandler
                0x000000000800113c                SPI1_IRQHandler
                0x000000000800113c                TAMPER_IRQHandler
                0x000000000800113c                DMA1_Channel4_IRQHandler
                0x000000000800113c                RTC_IRQHandler
                0x000000000800113c                DMA1_Channel7_IRQHandler
                0x000000000800113c                CAN1_RX1_IRQHandler
                0x000000000800113c                I2C1_EV_IRQHandler
                0x000000000800113c                DMA1_Channel6_IRQHandler
                0x000000000800113c                TIM3_IRQHandler
                0x000000000800113c                RCC_IRQHandler
                0x000000000800113c                TIM1_TRG_COM_IRQHandler
                0x000000000800113c                DMA1_Channel1_IRQHandler
                0x000000000800113c                Default_Handler
                0x000000000800113c                EXTI15_10_IRQHandler
                0x000000000800113c                EXTI9_5_IRQHandler
                0x000000000800113c                DMA1_Channel5_IRQHandler
                0x000000000800113c                EXTI4_IRQHandler
                0x000000000800113c                USB_LP_CAN1_RX0_IRQHandler
                0x000000000800113c                USB_HP_CAN1_TX_IRQHandler
                0x000000000800113c                DMA1_Channel3_IRQHandler
                0x000000000800113c                TIM1_UP_IRQHandler
                0x000000000800113c                WWDG_IRQHandler
                0x000000000800113c                TIM1_BRK_IRQHandler
                0x000000000800113c                EXTI1_IRQHandler
                0x000000000800113c                USART2_IRQHandler
                0x000000000800113c                DMA1_Channel2_IRQHandler
                0x000000000800113c                CAN1_SCE_IRQHandler
                0x000000000800113c                FLASH_IRQHandler
                0x000000000800113c                USART1_IRQHandler
                0x000000000800113c                I2C1_ER_IRQHandler
                0x000000000800113c                USBWakeUp_IRQHandler
 *fill*         0x000000000800113e        0x2 
 .text.HAL_Init
                0x0000000008001140       0x2c ./Drivers/STM32F1xx_HAL_Driver/Src/stm32f1xx_hal.o
                0x0000000008001140                HAL_Init
 .text.HAL_InitTick
                0x000000000800116c       0x60 ./Drivers/STM32F1xx_HAL_Driver/Src/stm32f1xx_hal.o
                0x000000000800116c                HAL_InitTick
 .text.HAL_IncTick
                0x00000000080011cc       0x24 ./Drivers/STM32F1xx_HAL_Driver/Src/stm32f1xx_hal.o
                0x00000000080011cc                HAL_IncTick
 .text.HAL_GetTick
                0x00000000080011f0       0x14 ./Drivers/STM32F1xx_HAL_Driver/Src/stm32f1xx_hal.o
                0x00000000080011f0                HAL_GetTick
 .text.__NVIC_SetPriorityGrouping
                0x0000000008001204       0x48 ./Drivers/STM32F1xx_HAL_Driver/Src/stm32f1xx_hal_cortex.o
 .text.__NVIC_GetPriorityGrouping
                0x000000000800124c       0x1c ./Drivers/STM32F1xx_HAL_Driver/Src/stm32f1xx_hal_cortex.o
 .text.__NVIC_EnableIRQ
                0x0000000008001268       0x38 ./Drivers/STM32F1xx_HAL_Driver/Src/stm32f1xx_hal_cortex.o
 .text.__NVIC_SetPriority
                0x00000000080012a0       0x54 ./Drivers/STM32F1xx_HAL_Driver/Src/stm32f1xx_hal_cortex.o
 .text.NVIC_EncodePriority
                0x00000000080012f4       0x64 ./Drivers/STM32F1xx_HAL_Driver/Src/stm32f1xx_hal_cortex.o
 .text.SysTick_Config
                0x0000000008001358       0x44 ./Drivers/STM32F1xx_HAL_Driver/Src/stm32f1xx_hal_cortex.o
 .text.HAL_NVIC_SetPriorityGrouping
                0x000000000800139c       0x16 ./Drivers/STM32F1xx_HAL_Driver/Src/stm32f1xx_hal_cortex.o
                0x000000000800139c                HAL_NVIC_SetPriorityGrouping
 .text.HAL_NVIC_SetPriority
                0x00000000080013b2       0x38 ./Drivers/STM32F1xx_HAL_Driver/Src/stm32f1xx_hal_cortex.o
                0x00000000080013b2                HAL_NVIC_SetPriority
 .text.HAL_NVIC_EnableIRQ
                0x00000000080013ea       0x1c ./Drivers/STM32F1xx_HAL_Driver/Src/stm32f1xx_hal_cortex.o
                0x00000000080013ea                HAL_NVIC_EnableIRQ
 .text.HAL_SYSTICK_Config
                0x0000000008001406       0x18 ./Drivers/STM32F1xx_HAL_Driver/Src/stm32f1xx_hal_cortex.o
                0x0000000008001406                HAL_SYSTICK_Config
 *fill*         0x000000000800141e        0x2 
 .text.HAL_GPIO_Init
                0x0000000008001420      0x2f4 ./Drivers/STM32F1xx_HAL_Driver/Src/stm32f1xx_hal_gpio.o
                0x0000000008001420                HAL_GPIO_Init
 .text.HAL_GPIO_ReadPin
                0x0000000008001714       0x2e ./Drivers/STM32F1xx_HAL_Driver/Src/stm32f1xx_hal_gpio.o
                0x0000000008001714                HAL_GPIO_ReadPin
 .text.HAL_GPIO_WritePin
                0x0000000008001742       0x30 ./Drivers/STM32F1xx_HAL_Driver/Src/stm32f1xx_hal_gpio.o
                0x0000000008001742                HAL_GPIO_WritePin
 .text.HAL_GPIO_TogglePin
                0x0000000008001772       0x32 ./Drivers/STM32F1xx_HAL_Driver/Src/stm32f1xx_hal_gpio.o
                0x0000000008001772                HAL_GPIO_TogglePin
 .text.HAL_RCC_OscConfig
                0x00000000080017a4      0x500 ./Drivers/STM32F1xx_HAL_Driver/Src/stm32f1xx_hal_rcc.o
                0x00000000080017a4                HAL_RCC_OscConfig
 .text.HAL_RCC_ClockConfig
                0x0000000008001ca4      0x1d4 ./Drivers/STM32F1xx_HAL_Driver/Src/stm32f1xx_hal_rcc.o
                0x0000000008001ca4                HAL_RCC_ClockConfig
 .text.HAL_RCC_GetSysClockFreq
                0x0000000008001e78       0xc0 ./Drivers/STM32F1xx_HAL_Driver/Src/stm32f1xx_hal_rcc.o
                0x0000000008001e78                HAL_RCC_GetSysClockFreq
 .text.RCC_Delay
                0x0000000008001f38       0x3c ./Drivers/STM32F1xx_HAL_Driver/Src/stm32f1xx_hal_rcc.o
 .text.HAL_TIM_Base_Init
                0x0000000008001f74       0x9e ./Drivers/STM32F1xx_HAL_Driver/Src/stm32f1xx_hal_tim.o
                0x0000000008001f74                HAL_TIM_Base_Init
 *fill*         0x0000000008002012        0x2 
 .text.HAL_TIM_Base_Start_IT
                0x0000000008002014       0x98 ./Drivers/STM32F1xx_HAL_Driver/Src/stm32f1xx_hal_tim.o
                0x0000000008002014                HAL_TIM_Base_Start_IT
 .text.HAL_TIM_IRQHandler
                0x00000000080020ac      0x210 ./Drivers/STM32F1xx_HAL_Driver/Src/stm32f1xx_hal_tim.o
                0x00000000080020ac                HAL_TIM_IRQHandler
 .text.HAL_TIM_ConfigClockSource
                0x00000000080022bc      0x188 ./Drivers/STM32F1xx_HAL_Driver/Src/stm32f1xx_hal_tim.o
                0x00000000080022bc                HAL_TIM_ConfigClockSource
 .text.HAL_TIM_OC_DelayElapsedCallback
                0x0000000008002444       0x12 ./Drivers/STM32F1xx_HAL_Driver/Src/stm32f1xx_hal_tim.o
                0x0000000008002444                HAL_TIM_OC_DelayElapsedCallback
 .text.HAL_TIM_IC_CaptureCallback
                0x0000000008002456       0x12 ./Drivers/STM32F1xx_HAL_Driver/Src/stm32f1xx_hal_tim.o
                0x0000000008002456                HAL_TIM_IC_CaptureCallback
 .text.HAL_TIM_PWM_PulseFinishedCallback
                0x0000000008002468       0x12 ./Drivers/STM32F1xx_HAL_Driver/Src/stm32f1xx_hal_tim.o
                0x0000000008002468                HAL_TIM_PWM_PulseFinishedCallback
 .text.HAL_TIM_TriggerCallback
                0x000000000800247a       0x12 ./Drivers/STM32F1xx_HAL_Driver/Src/stm32f1xx_hal_tim.o
                0x000000000800247a                HAL_TIM_TriggerCallback
 .text.TIM_Base_SetConfig
                0x000000000800248c       0xb0 ./Drivers/STM32F1xx_HAL_Driver/Src/stm32f1xx_hal_tim.o
                0x000000000800248c                TIM_Base_SetConfig
 .text.TIM_TI1_ConfigInputStage
                0x000000000800253c       0x5c ./Drivers/STM32F1xx_HAL_Driver/Src/stm32f1xx_hal_tim.o
 .text.TIM_TI2_ConfigInputStage
                0x0000000008002598       0x5e ./Drivers/STM32F1xx_HAL_Driver/Src/stm32f1xx_hal_tim.o
 .text.TIM_ITRx_SetConfig
                0x00000000080025f6       0x34 ./Drivers/STM32F1xx_HAL_Driver/Src/stm32f1xx_hal_tim.o
 .text.TIM_ETR_SetConfig
                0x000000000800262a       0x3e ./Drivers/STM32F1xx_HAL_Driver/Src/stm32f1xx_hal_tim.o
                0x000000000800262a                TIM_ETR_SetConfig
 .text.HAL_TIMEx_MasterConfigSynchronization
                0x0000000008002668       0xb0 ./Drivers/STM32F1xx_HAL_Driver/Src/stm32f1xx_hal_tim_ex.o
                0x0000000008002668                HAL_TIMEx_MasterConfigSynchronization
 .text.HAL_TIMEx_CommutCallback
                0x0000000008002718       0x12 ./Drivers/STM32F1xx_HAL_Driver/Src/stm32f1xx_hal_tim_ex.o
                0x0000000008002718                HAL_TIMEx_CommutCallback
 .text.HAL_TIMEx_BreakCallback
                0x000000000800272a       0x12 ./Drivers/STM32F1xx_HAL_Driver/Src/stm32f1xx_hal_tim_ex.o
                0x000000000800272a                HAL_TIMEx_BreakCallback
 .text.__libc_init_array
                0x000000000800273c       0x48 d:/stm32cubeide/stm32cubeide/stm32cubeide_1.7.0/stm32cubeide/plugins/com.st.stm32cube.ide.mcu.externaltools.gnu-tools-for-stm32.9-2020-q2-update.win32_2.0.0.202105311346/tools/bin/../lib/gcc/arm-none-eabi/9.3.1/../../../../arm-none-eabi/lib/thumb/v7-m/nofp\libc_nano.a(lib_a-init.o)
                0x000000000800273c                __libc_init_array
 .text.memset   0x0000000008002784       0x10 d:/stm32cubeide/stm32cubeide/stm32cubeide_1.7.0/stm32cubeide/plugins/com.st.stm32cube.ide.mcu.externaltools.gnu-tools-for-stm32.9-2020-q2-update.win32_2.0.0.202105311346/tools/bin/../lib/gcc/arm-none-eabi/9.3.1/../../../../arm-none-eabi/lib/thumb/v7-m/nofp\libc_nano.a(lib_a-memset.o)
                0x0000000008002784                memset
 *(.glue_7)
 .glue_7        0x0000000008002794        0x0 linker stubs
 *(.glue_7t)
 .glue_7t       0x0000000008002794        0x0 linker stubs
 *(.eh_frame)
 .eh_frame      0x0000000008002794        0x0 d:/stm32cubeide/stm32cubeide/stm32cubeide_1.7.0/stm32cubeide/plugins/com.st.stm32cube.ide.mcu.externaltools.gnu-tools-for-stm32.9-2020-q2-update.win32_2.0.0.202105311346/tools/bin/../lib/gcc/arm-none-eabi/9.3.1/thumb/v7-m/nofp/crtbegin.o
 *(.init)
 .init          0x0000000008002794        0x4 d:/stm32cubeide/stm32cubeide/stm32cubeide_1.7.0/stm32cubeide/plugins/com.st.stm32cube.ide.mcu.externaltools.gnu-tools-for-stm32.9-2020-q2-update.win32_2.0.0.202105311346/tools/bin/../lib/gcc/arm-none-eabi/9.3.1/thumb/v7-m/nofp/crti.o
                0x0000000008002794                _init
 .init          0x0000000008002798        0x8 d:/stm32cubeide/stm32cubeide/stm32cubeide_1.7.0/stm32cubeide/plugins/com.st.stm32cube.ide.mcu.externaltools.gnu-tools-for-stm32.9-2020-q2-update.win32_2.0.0.202105311346/tools/bin/../lib/gcc/arm-none-eabi/9.3.1/thumb/v7-m/nofp/crtn.o
 *(.fini)
 .fini          0x00000000080027a0        0x4 d:/stm32cubeide/stm32cubeide/stm32cubeide_1.7.0/stm32cubeide/plugins/com.st.stm32cube.ide.mcu.externaltools.gnu-tools-for-stm32.9-2020-q2-update.win32_2.0.0.202105311346/tools/bin/../lib/gcc/arm-none-eabi/9.3.1/thumb/v7-m/nofp/crti.o
                0x00000000080027a0                _fini
 .fini          0x00000000080027a4        0x8 d:/stm32cubeide/stm32cubeide/stm32cubeide_1.7.0/stm32cubeide/plugins/com.st.stm32cube.ide.mcu.externaltools.gnu-tools-for-stm32.9-2020-q2-update.win32_2.0.0.202105311346/tools/bin/../lib/gcc/arm-none-eabi/9.3.1/thumb/v7-m/nofp/crtn.o
                0x00000000080027ac                . = ALIGN (0x4)
                0x00000000080027ac                _etext = .

.vfp11_veneer   0x00000000080027ac        0x0
 .vfp11_veneer  0x00000000080027ac        0x0 linker stubs

.v4_bx          0x00000000080027ac        0x0
 .v4_bx         0x00000000080027ac        0x0 linker stubs

.iplt           0x00000000080027ac        0x0
 .iplt          0x00000000080027ac        0x0 d:/stm32cubeide/stm32cubeide/stm32cubeide_1.7.0/stm32cubeide/plugins/com.st.stm32cube.ide.mcu.externaltools.gnu-tools-for-stm32.9-2020-q2-update.win32_2.0.0.202105311346/tools/bin/../lib/gcc/arm-none-eabi/9.3.1/thumb/v7-m/nofp/crtbegin.o

.rodata         0x00000000080027ac       0x20
                0x00000000080027ac                . = ALIGN (0x4)
 *(.rodata)
 .rodata        0x00000000080027ac       0x10 ./Drivers/STM32F1xx_HAL_Driver/Src/stm32f1xx_hal_rcc.o
 *(.rodata*)
 .rodata.AHBPrescTable
                0x00000000080027bc       0x10 ./Core/Src/system_stm32f1xx.o
                0x00000000080027bc                AHBPrescTable
                0x00000000080027cc                . = ALIGN (0x4)

.rel.dyn        0x00000000080027cc        0x0
 .rel.iplt      0x00000000080027cc        0x0 d:/stm32cubeide/stm32cubeide/stm32cubeide_1.7.0/stm32cubeide/plugins/com.st.stm32cube.ide.mcu.externaltools.gnu-tools-for-stm32.9-2020-q2-update.win32_2.0.0.202105311346/tools/bin/../lib/gcc/arm-none-eabi/9.3.1/thumb/v7-m/nofp/crtbegin.o

.ARM.extab      0x00000000080027cc        0x0
                0x00000000080027cc                . = ALIGN (0x4)
 *(.ARM.extab* .gnu.linkonce.armextab.*)
                0x00000000080027cc                . = ALIGN (0x4)

.ARM            0x00000000080027cc        0x0
                0x00000000080027cc                . = ALIGN (0x4)
                0x00000000080027cc                __exidx_start = .
 *(.ARM.exidx*)
                0x00000000080027cc                __exidx_end = .
                0x00000000080027cc                . = ALIGN (0x4)

.preinit_array  0x00000000080027cc        0x0
                0x00000000080027cc                . = ALIGN (0x4)
                0x00000000080027cc                PROVIDE (__preinit_array_start = .)
 *(.preinit_array*)
                0x00000000080027cc                PROVIDE (__preinit_array_end = .)
                0x00000000080027cc                . = ALIGN (0x4)

.init_array     0x00000000080027cc        0x4
                0x00000000080027cc                . = ALIGN (0x4)
                0x00000000080027cc                PROVIDE (__init_array_start = .)
 *(SORT_BY_NAME(.init_array.*))
 *(.init_array*)
 .init_array    0x00000000080027cc        0x4 d:/stm32cubeide/stm32cubeide/stm32cubeide_1.7.0/stm32cubeide/plugins/com.st.stm32cube.ide.mcu.externaltools.gnu-tools-for-stm32.9-2020-q2-update.win32_2.0.0.202105311346/tools/bin/../lib/gcc/arm-none-eabi/9.3.1/thumb/v7-m/nofp/crtbegin.o
                0x00000000080027d0                PROVIDE (__init_array_end = .)
                0x00000000080027d0                . = ALIGN (0x4)

.fini_array     0x00000000080027d0        0x4
                0x00000000080027d0                . = ALIGN (0x4)
                [!provide]                        PROVIDE (__fini_array_start = .)
 *(SORT_BY_NAME(.fini_array.*))
 *(.fini_array*)
 .fini_array    0x00000000080027d0        0x4 d:/stm32cubeide/stm32cubeide/stm32cubeide_1.7.0/stm32cubeide/plugins/com.st.stm32cube.ide.mcu.externaltools.gnu-tools-for-stm32.9-2020-q2-update.win32_2.0.0.202105311346/tools/bin/../lib/gcc/arm-none-eabi/9.3.1/thumb/v7-m/nofp/crtbegin.o
                [!provide]                        PROVIDE (__fini_array_end = .)
                0x00000000080027d4                . = ALIGN (0x4)
                0x00000000080027d4                _sidata = LOADADDR (.data)

.data           0x0000000020000000       0x40 load address 0x00000000080027d4
                0x0000000020000000                . = ALIGN (0x4)
                0x0000000020000000                _sdata = .
 *(.data)
 *(.data*)
 .data.time_RED
                0x0000000020000000        0x4 ./Core/Src/led_display.o
                0x0000000020000000                time_RED
 .data.time_GREEN
                0x0000000020000004        0x4 ./Core/Src/led_display.o
                0x0000000020000004                time_GREEN
 .data.time_AMBER
                0x0000000020000008        0x4 ./Core/Src/led_display.o
                0x0000000020000008                time_AMBER
 .data.time_RED_TopBottom
                0x000000002000000c        0x4 ./Core/Src/led_display.o
                0x000000002000000c                time_RED_TopBottom
 .data.time_GREEN_TopBottom
                0x0000000020000010        0x4 ./Core/Src/led_display.o
                0x0000000020000010                time_GREEN_TopBottom
 .data.time_AMBER_TopBottom
                0x0000000020000014        0x4 ./Core/Src/led_display.o
                0x0000000020000014                time_AMBER_TopBottom
 .data.time_RED_LeftRight
                0x0000000020000018        0x4 ./Core/Src/led_display.o
                0x0000000020000018                time_RED_LeftRight
 .data.time_GREEN_LeftRight
                0x000000002000001c        0x4 ./Core/Src/led_display.o
                0x000000002000001c                time_GREEN_LeftRight
 .data.time_AMBER_LeftRight
                0x0000000020000020        0x4 ./Core/Src/led_display.o
                0x0000000020000020                time_AMBER_LeftRight
 .data.time_run
                0x0000000020000024        0x4 ./Core/Src/led_display.o
                0x0000000020000024                time_run
 .data.time_led7Segment
                0x0000000020000028        0x4 ./Core/Src/led_display.o
                0x0000000020000028                time_led7Segment
 .data.time7SEG_TopBottom
                0x000000002000002c        0x4 ./Core/Src/led_display.o
                0x000000002000002c                time7SEG_TopBottom
 .data.time7SEG_LeftRight
                0x0000000020000030        0x4 ./Core/Src/led_display.o
                0x0000000020000030                time7SEG_LeftRight
 .data.SystemCoreClock
                0x0000000020000034        0x4 ./Core/Src/system_stm32f1xx.o
                0x0000000020000034                SystemCoreClock
 .data.uwTickPrio
                0x0000000020000038        0x4 ./Drivers/STM32F1xx_HAL_Driver/Src/stm32f1xx_hal.o
                0x0000000020000038                uwTickPrio
 .data.uwTickFreq
                0x000000002000003c        0x1 ./Drivers/STM32F1xx_HAL_Driver/Src/stm32f1xx_hal.o
                0x000000002000003c                uwTickFreq
 *(.RamFunc)
 *(.RamFunc*)
                0x0000000020000040                . = ALIGN (0x4)
 *fill*         0x000000002000003d        0x3 
                0x0000000020000040                _edata = .

.igot.plt       0x0000000020000040        0x0 load address 0x0000000008002814
 .igot.plt      0x0000000020000040        0x0 d:/stm32cubeide/stm32cubeide/stm32cubeide_1.7.0/stm32cubeide/plugins/com.st.stm32cube.ide.mcu.externaltools.gnu-tools-for-stm32.9-2020-q2-update.win32_2.0.0.202105311346/tools/bin/../lib/gcc/arm-none-eabi/9.3.1/thumb/v7-m/nofp/crtbegin.o
                0x0000000020000040                . = ALIGN (0x4)

.bss            0x0000000020000040       0xa0 load address 0x0000000008002814
                0x0000000020000040                _sbss = .
                0x0000000020000040                __bss_start__ = _sbss
 *(.bss)
 .bss           0x0000000020000040       0x1c d:/stm32cubeide/stm32cubeide/stm32cubeide_1.7.0/stm32cubeide/plugins/com.st.stm32cube.ide.mcu.externaltools.gnu-tools-for-stm32.9-2020-q2-update.win32_2.0.0.202105311346/tools/bin/../lib/gcc/arm-none-eabi/9.3.1/thumb/v7-m/nofp/crtbegin.o
 *(.bss*)
 .bss.buttonBuffer
                0x000000002000005c        0x1 ./Core/Src/button_debouncing.o
 *fill*         0x000000002000005d        0x3 
 .bss.debounceButtonBuffer1
                0x0000000020000060        0x1 ./Core/Src/button_debouncing.o
 *fill*         0x0000000020000061        0x3 
 .bss.debounceButtonBuffer2
                0x0000000020000064        0x1 ./Core/Src/button_debouncing.o
 *fill*         0x0000000020000065        0x3 
 .bss.counterForButtonPress1s
                0x0000000020000068        0x2 ./Core/Src/button_debouncing.o
 *fill*         0x000000002000006a        0x2 
 .bss.flagForButtonPress1s
                0x000000002000006c        0x1 ./Core/Src/button_debouncing.o
 *fill*         0x000000002000006d        0x3 
 .bss.button1_State
                0x0000000020000070        0x4 ./Core/Src/button_debouncing.o
                0x0000000020000070                button1_State
 .bss.button3_State
                0x0000000020000074        0x4 ./Core/Src/button_debouncing.o
                0x0000000020000074                button3_State
 .bss.button2_State
                0x0000000020000078        0x4 ./Core/Src/button_debouncing.o
                0x0000000020000078                button2_State
 .bss.buttonMode
                0x000000002000007c        0x1 ./Core/Src/input_process.o
                0x000000002000007c                buttonMode
 *fill*         0x000000002000007d        0x3 
 .bss.timeAutoIncreases
                0x0000000020000080        0x4 ./Core/Src/input_process.o
                0x0000000020000080                timeAutoIncreases
 .bss.timeBlinking
                0x0000000020000084        0x4 ./Core/Src/input_process.o
                0x0000000020000084                timeBlinking
 *(COMMON)
 COMMON         0x0000000020000088        0xc ./Core/Src/input_process.o
                0x0000000020000088                time_AMBER_edit
                0x000000002000008c                time_GREEN_edit
                0x0000000020000090                time_RED_edit
 COMMON         0x0000000020000094       0x48 ./Core/Src/main.o
                0x0000000020000094                htim2
 COMMON         0x00000000200000dc        0x4 ./Drivers/STM32F1xx_HAL_Driver/Src/stm32f1xx_hal.o
                0x00000000200000dc                uwTick
                0x00000000200000e0                . = ALIGN (0x4)
                0x00000000200000e0                _ebss = .
                0x00000000200000e0                __bss_end__ = _ebss

._user_heap_stack
                0x00000000200000e0      0x600 load address 0x0000000008002814
                0x00000000200000e0                . = ALIGN (0x8)
                [!provide]                        PROVIDE (end = .)
                0x00000000200000e0                PROVIDE (_end = .)
                0x00000000200002e0                . = (. + _Min_Heap_Size)
 *fill*         0x00000000200000e0      0x200 
                0x00000000200006e0                . = (. + _Min_Stack_Size)
 *fill*         0x00000000200002e0      0x400 
                0x00000000200006e0                . = ALIGN (0x8)

/DISCARD/
 libc.a(*)
 libm.a(*)
 libgcc.a(*)

.ARM.attributes
                0x0000000000000000       0x29
 *(.ARM.attributes)
 .ARM.attributes
                0x0000000000000000       0x1d d:/stm32cubeide/stm32cubeide/stm32cubeide_1.7.0/stm32cubeide/plugins/com.st.stm32cube.ide.mcu.externaltools.gnu-tools-for-stm32.9-2020-q2-update.win32_2.0.0.202105311346/tools/bin/../lib/gcc/arm-none-eabi/9.3.1/thumb/v7-m/nofp/crti.o
 .ARM.attributes
                0x000000000000001d       0x2d d:/stm32cubeide/stm32cubeide/stm32cubeide_1.7.0/stm32cubeide/plugins/com.st.stm32cube.ide.mcu.externaltools.gnu-tools-for-stm32.9-2020-q2-update.win32_2.0.0.202105311346/tools/bin/../lib/gcc/arm-none-eabi/9.3.1/thumb/v7-m/nofp/crtbegin.o
 .ARM.attributes
                0x000000000000004a       0x2d ./Core/Src/button_debouncing.o
 .ARM.attributes
                0x0000000000000077       0x2d ./Core/Src/input_process.o
 .ARM.attributes
                0x00000000000000a4       0x2d ./Core/Src/led_display.o
 .ARM.attributes
                0x00000000000000d1       0x2d ./Core/Src/main.o
 .ARM.attributes
                0x00000000000000fe       0x2d ./Core/Src/stm32f1xx_hal_msp.o
 .ARM.attributes
                0x000000000000012b       0x2d ./Core/Src/stm32f1xx_it.o
 .ARM.attributes
                0x0000000000000158       0x2d ./Core/Src/system_stm32f1xx.o
 .ARM.attributes
                0x0000000000000185       0x21 ./Core/Startup/startup_stm32f103c6tx.o
 .ARM.attributes
                0x00000000000001a6       0x2d ./Drivers/STM32F1xx_HAL_Driver/Src/stm32f1xx_hal.o
 .ARM.attributes
                0x00000000000001d3       0x2d ./Drivers/STM32F1xx_HAL_Driver/Src/stm32f1xx_hal_cortex.o
 .ARM.attributes
                0x0000000000000200       0x2d ./Drivers/STM32F1xx_HAL_Driver/Src/stm32f1xx_hal_gpio.o
 .ARM.attributes
                0x000000000000022d       0x2d ./Drivers/STM32F1xx_HAL_Driver/Src/stm32f1xx_hal_rcc.o
 .ARM.attributes
                0x000000000000025a       0x2d ./Drivers/STM32F1xx_HAL_Driver/Src/stm32f1xx_hal_tim.o
 .ARM.attributes
                0x0000000000000287       0x2d ./Drivers/STM32F1xx_HAL_Driver/Src/stm32f1xx_hal_tim_ex.o
 .ARM.attributes
                0x00000000000002b4       0x2d d:/stm32cubeide/stm32cubeide/stm32cubeide_1.7.0/stm32cubeide/plugins/com.st.stm32cube.ide.mcu.externaltools.gnu-tools-for-stm32.9-2020-q2-update.win32_2.0.0.202105311346/tools/bin/../lib/gcc/arm-none-eabi/9.3.1/../../../../arm-none-eabi/lib/thumb/v7-m/nofp\libc_nano.a(lib_a-init.o)
 .ARM.attributes
                0x00000000000002e1       0x2d d:/stm32cubeide/stm32cubeide/stm32cubeide_1.7.0/stm32cubeide/plugins/com.st.stm32cube.ide.mcu.externaltools.gnu-tools-for-stm32.9-2020-q2-update.win32_2.0.0.202105311346/tools/bin/../lib/gcc/arm-none-eabi/9.3.1/../../../../arm-none-eabi/lib/thumb/v7-m/nofp\libc_nano.a(lib_a-memset.o)
 .ARM.attributes
                0x000000000000030e       0x1d d:/stm32cubeide/stm32cubeide/stm32cubeide_1.7.0/stm32cubeide/plugins/com.st.stm32cube.ide.mcu.externaltools.gnu-tools-for-stm32.9-2020-q2-update.win32_2.0.0.202105311346/tools/bin/../lib/gcc/arm-none-eabi/9.3.1/thumb/v7-m/nofp/crtn.o
OUTPUT(Traffic_Light.elf elf32-littlearm)
LOAD linker stubs
LOAD d:/stm32cubeide/stm32cubeide/stm32cubeide_1.7.0/stm32cubeide/plugins/com.st.stm32cube.ide.mcu.externaltools.gnu-tools-for-stm32.9-2020-q2-update.win32_2.0.0.202105311346/tools/bin/../lib/gcc/arm-none-eabi/9.3.1/../../../../arm-none-eabi/lib/thumb/v7-m/nofp\libc.a
LOAD d:/stm32cubeide/stm32cubeide/stm32cubeide_1.7.0/stm32cubeide/plugins/com.st.stm32cube.ide.mcu.externaltools.gnu-tools-for-stm32.9-2020-q2-update.win32_2.0.0.202105311346/tools/bin/../lib/gcc/arm-none-eabi/9.3.1/../../../../arm-none-eabi/lib/thumb/v7-m/nofp\libm.a
LOAD d:/stm32cubeide/stm32cubeide/stm32cubeide_1.7.0/stm32cubeide/plugins/com.st.stm32cube.ide.mcu.externaltools.gnu-tools-for-stm32.9-2020-q2-update.win32_2.0.0.202105311346/tools/bin/../lib/gcc/arm-none-eabi/9.3.1/thumb/v7-m/nofp\libgcc.a

.debug_info     0x0000000000000000     0x8e02
 .debug_info    0x0000000000000000      0x39c ./Core/Src/button_debouncing.o
 .debug_info    0x000000000000039c      0x3b2 ./Core/Src/input_process.o
 .debug_info    0x000000000000074e      0x4db ./Core/Src/led_display.o
 .debug_info    0x0000000000000c29      0xb8e ./Core/Src/main.o
 .debug_info    0x00000000000017b7      0xa04 ./Core/Src/stm32f1xx_hal_msp.o
 .debug_info    0x00000000000021bb      0x7b4 ./Core/Src/stm32f1xx_it.o
 .debug_info    0x000000000000296f      0x2be ./Core/Src/system_stm32f1xx.o
 .debug_info    0x0000000000002c2d       0x22 ./Core/Startup/startup_stm32f103c6tx.o
 .debug_info    0x0000000000002c4f      0x74c ./Drivers/STM32F1xx_HAL_Driver/Src/stm32f1xx_hal.o
 .debug_info    0x000000000000339b      0xbbe ./Drivers/STM32F1xx_HAL_Driver/Src/stm32f1xx_hal_cortex.o
 .debug_info    0x0000000000003f59      0x701 ./Drivers/STM32F1xx_HAL_Driver/Src/stm32f1xx_hal_gpio.o
 .debug_info    0x000000000000465a      0x88e ./Drivers/STM32F1xx_HAL_Driver/Src/stm32f1xx_hal_rcc.o
 .debug_info    0x0000000000004ee8     0x2a45 ./Drivers/STM32F1xx_HAL_Driver/Src/stm32f1xx_hal_tim.o
 .debug_info    0x000000000000792d     0x14d5 ./Drivers/STM32F1xx_HAL_Driver/Src/stm32f1xx_hal_tim_ex.o

.debug_abbrev   0x0000000000000000     0x198a
 .debug_abbrev  0x0000000000000000      0x16c ./Core/Src/button_debouncing.o
 .debug_abbrev  0x000000000000016c      0x195 ./Core/Src/input_process.o
 .debug_abbrev  0x0000000000000301      0x1b1 ./Core/Src/led_display.o
 .debug_abbrev  0x00000000000004b2      0x22c ./Core/Src/main.o
 .debug_abbrev  0x00000000000006de      0x1b7 ./Core/Src/stm32f1xx_hal_msp.o
 .debug_abbrev  0x0000000000000895      0x176 ./Core/Src/stm32f1xx_it.o
 .debug_abbrev  0x0000000000000a0b      0x14e ./Core/Src/system_stm32f1xx.o
 .debug_abbrev  0x0000000000000b59       0x12 ./Core/Startup/startup_stm32f103c6tx.o
 .debug_abbrev  0x0000000000000b6b      0x1ed ./Drivers/STM32F1xx_HAL_Driver/Src/stm32f1xx_hal.o
 .debug_abbrev  0x0000000000000d58      0x313 ./Drivers/STM32F1xx_HAL_Driver/Src/stm32f1xx_hal_cortex.o
 .debug_abbrev  0x000000000000106b      0x1e8 ./Drivers/STM32F1xx_HAL_Driver/Src/stm32f1xx_hal_gpio.o
 .debug_abbrev  0x0000000000001253      0x273 ./Drivers/STM32F1xx_HAL_Driver/Src/stm32f1xx_hal_rcc.o
 .debug_abbrev  0x00000000000014c6      0x25e ./Drivers/STM32F1xx_HAL_Driver/Src/stm32f1xx_hal_tim.o
 .debug_abbrev  0x0000000000001724      0x266 ./Drivers/STM32F1xx_HAL_Driver/Src/stm32f1xx_hal_tim_ex.o

.debug_aranges  0x0000000000000000      0xa48
 .debug_aranges
                0x0000000000000000       0x48 ./Core/Src/button_debouncing.o
 .debug_aranges
                0x0000000000000048       0x38 ./Core/Src/input_process.o
 .debug_aranges
                0x0000000000000080       0x98 ./Core/Src/led_display.o
 .debug_aranges
                0x0000000000000118       0x48 ./Core/Src/main.o
 .debug_aranges
                0x0000000000000160       0x30 ./Core/Src/stm32f1xx_hal_msp.o
 .debug_aranges
                0x0000000000000190       0x68 ./Core/Src/stm32f1xx_it.o
 .debug_aranges
                0x00000000000001f8       0x28 ./Core/Src/system_stm32f1xx.o
 .debug_aranges
                0x0000000000000220       0x28 ./Core/Startup/startup_stm32f103c6tx.o
 .debug_aranges
                0x0000000000000248       0xe0 ./Drivers/STM32F1xx_HAL_Driver/Src/stm32f1xx_hal.o
 .debug_aranges
                0x0000000000000328      0x100 ./Drivers/STM32F1xx_HAL_Driver/Src/stm32f1xx_hal_cortex.o
 .debug_aranges
                0x0000000000000428       0x58 ./Drivers/STM32F1xx_HAL_Driver/Src/stm32f1xx_hal_gpio.o
 .debug_aranges
                0x0000000000000480       0x90 ./Drivers/STM32F1xx_HAL_Driver/Src/stm32f1xx_hal_rcc.o
 .debug_aranges
                0x0000000000000510      0x3d0 ./Drivers/STM32F1xx_HAL_Driver/Src/stm32f1xx_hal_tim.o
 .debug_aranges
                0x00000000000008e0      0x168 ./Drivers/STM32F1xx_HAL_Driver/Src/stm32f1xx_hal_tim_ex.o

.debug_ranges   0x0000000000000000      0x970
 .debug_ranges  0x0000000000000000       0x38 ./Core/Src/button_debouncing.o
 .debug_ranges  0x0000000000000038       0x28 ./Core/Src/input_process.o
 .debug_ranges  0x0000000000000060       0x88 ./Core/Src/led_display.o
 .debug_ranges  0x00000000000000e8       0x38 ./Core/Src/main.o
 .debug_ranges  0x0000000000000120       0x20 ./Core/Src/stm32f1xx_hal_msp.o
 .debug_ranges  0x0000000000000140       0x58 ./Core/Src/stm32f1xx_it.o
 .debug_ranges  0x0000000000000198       0x18 ./Core/Src/system_stm32f1xx.o
 .debug_ranges  0x00000000000001b0       0x20 ./Core/Startup/startup_stm32f103c6tx.o
 .debug_ranges  0x00000000000001d0       0xd0 ./Drivers/STM32F1xx_HAL_Driver/Src/stm32f1xx_hal.o
 .debug_ranges  0x00000000000002a0       0xf0 ./Drivers/STM32F1xx_HAL_Driver/Src/stm32f1xx_hal_cortex.o
 .debug_ranges  0x0000000000000390       0x48 ./Drivers/STM32F1xx_HAL_Driver/Src/stm32f1xx_hal_gpio.o
 .debug_ranges  0x00000000000003d8       0x80 ./Drivers/STM32F1xx_HAL_Driver/Src/stm32f1xx_hal_rcc.o
 .debug_ranges  0x0000000000000458      0x3c0 ./Drivers/STM32F1xx_HAL_Driver/Src/stm32f1xx_hal_tim.o
 .debug_ranges  0x0000000000000818      0x158 ./Drivers/STM32F1xx_HAL_Driver/Src/stm32f1xx_hal_tim_ex.o

.debug_macro    0x0000000000000000    0x166ed
 .debug_macro   0x0000000000000000      0x1ae ./Core/Src/button_debouncing.o
 .debug_macro   0x00000000000001ae      0xa9c ./Core/Src/button_debouncing.o
 .debug_macro   0x0000000000000c4a      0x215 ./Core/Src/button_debouncing.o
 .debug_macro   0x0000000000000e5f       0x2e ./Core/Src/button_debouncing.o
 .debug_macro   0x0000000000000e8d       0x22 ./Core/Src/button_debouncing.o
 .debug_macro   0x0000000000000eaf       0x22 ./Core/Src/button_debouncing.o
 .debug_macro   0x0000000000000ed1       0x8e ./Core/Src/button_debouncing.o
 .debug_macro   0x0000000000000f5f       0x51 ./Core/Src/button_debouncing.o
 .debug_macro   0x0000000000000fb0      0x103 ./Core/Src/button_debouncing.o
 .debug_macro   0x00000000000010b3       0x6a ./Core/Src/button_debouncing.o
 .debug_macro   0x000000000000111d      0x1df ./Core/Src/button_debouncing.o
 .debug_macro   0x00000000000012fc       0x1c ./Core/Src/button_debouncing.o
 .debug_macro   0x0000000000001318       0x22 ./Core/Src/button_debouncing.o
 .debug_macro   0x000000000000133a       0xc3 ./Core/Src/button_debouncing.o
 .debug_macro   0x00000000000013fd      0xd23 ./Core/Src/button_debouncing.o
 .debug_macro   0x0000000000002120     0xde75 ./Core/Src/button_debouncing.o
 .debug_macro   0x000000000000ff95       0x6d ./Core/Src/button_debouncing.o
 .debug_macro   0x0000000000010002     0x3468 ./Core/Src/button_debouncing.o
 .debug_macro   0x000000000001346a      0x174 ./Core/Src/button_debouncing.o
 .debug_macro   0x00000000000135de       0x5c ./Core/Src/button_debouncing.o
 .debug_macro   0x000000000001363a      0x5be ./Core/Src/button_debouncing.o
 .debug_macro   0x0000000000013bf8      0x1b7 ./Core/Src/button_debouncing.o
 .debug_macro   0x0000000000013daf      0x1cb ./Core/Src/button_debouncing.o
 .debug_macro   0x0000000000013f7a      0x114 ./Core/Src/button_debouncing.o
 .debug_macro   0x000000000001408e      0x1b2 ./Core/Src/button_debouncing.o
 .debug_macro   0x0000000000014240       0x27 ./Core/Src/button_debouncing.o
 .debug_macro   0x0000000000014267      0x12f ./Core/Src/button_debouncing.o
 .debug_macro   0x0000000000014396      0x1bc ./Core/Src/button_debouncing.o
 .debug_macro   0x0000000000014552       0x34 ./Core/Src/button_debouncing.o
 .debug_macro   0x0000000000014586       0x3c ./Core/Src/button_debouncing.o
 .debug_macro   0x00000000000145c2       0x57 ./Core/Src/button_debouncing.o
 .debug_macro   0x0000000000014619       0x88 ./Core/Src/button_debouncing.o
 .debug_macro   0x00000000000146a1      0x183 ./Core/Src/button_debouncing.o
 .debug_macro   0x0000000000014824      0x141 ./Core/Src/button_debouncing.o
 .debug_macro   0x0000000000014965      0x8d1 ./Core/Src/button_debouncing.o
 .debug_macro   0x0000000000015236       0x69 ./Core/Src/button_debouncing.o
 .debug_macro   0x000000000001529f      0x1c2 ./Core/Src/input_process.o
 .debug_macro   0x0000000000015461      0x1b4 ./Core/Src/led_display.o
 .debug_macro   0x0000000000015615      0x1c0 ./Core/Src/main.o
 .debug_macro   0x00000000000157d5      0x1a2 ./Core/Src/stm32f1xx_hal_msp.o
 .debug_macro   0x0000000000015977      0x1ac ./Core/Src/stm32f1xx_it.o
 .debug_macro   0x0000000000015b23      0x198 ./Core/Src/system_stm32f1xx.o
 .debug_macro   0x0000000000015cbb      0x1bc ./Drivers/STM32F1xx_HAL_Driver/Src/stm32f1xx_hal.o
 .debug_macro   0x0000000000015e77      0x198 ./Drivers/STM32F1xx_HAL_Driver/Src/stm32f1xx_hal_cortex.o
 .debug_macro   0x000000000001600f      0x203 ./Drivers/STM32F1xx_HAL_Driver/Src/stm32f1xx_hal_gpio.o
 .debug_macro   0x0000000000016212      0x1aa ./Drivers/STM32F1xx_HAL_Driver/Src/stm32f1xx_hal_rcc.o
 .debug_macro   0x00000000000163bc      0x199 ./Drivers/STM32F1xx_HAL_Driver/Src/stm32f1xx_hal_tim.o
 .debug_macro   0x0000000000016555      0x198 ./Drivers/STM32F1xx_HAL_Driver/Src/stm32f1xx_hal_tim_ex.o

.debug_line     0x0000000000000000     0xbe1f
 .debug_line    0x0000000000000000      0x8f8 ./Core/Src/button_debouncing.o
 .debug_line    0x00000000000008f8      0x966 ./Core/Src/input_process.o
 .debug_line    0x000000000000125e      0xaa7 ./Core/Src/led_display.o
 .debug_line    0x0000000000001d05      0x925 ./Core/Src/main.o
 .debug_line    0x000000000000262a      0x821 ./Core/Src/stm32f1xx_hal_msp.o
 .debug_line    0x0000000000002e4b      0x8bf ./Core/Src/stm32f1xx_it.o
 .debug_line    0x000000000000370a      0x863 ./Core/Src/system_stm32f1xx.o
 .debug_line    0x0000000000003f6d       0x87 ./Core/Startup/startup_stm32f103c6tx.o
 .debug_line    0x0000000000003ff4      0xa90 ./Drivers/STM32F1xx_HAL_Driver/Src/stm32f1xx_hal.o
 .debug_line    0x0000000000004a84      0xc78 ./Drivers/STM32F1xx_HAL_Driver/Src/stm32f1xx_hal_cortex.o
 .debug_line    0x00000000000056fc      0xb11 ./Drivers/STM32F1xx_HAL_Driver/Src/stm32f1xx_hal_gpio.o
 .debug_line    0x000000000000620d      0xe9e ./Drivers/STM32F1xx_HAL_Driver/Src/stm32f1xx_hal_rcc.o
 .debug_line    0x00000000000070ab     0x33ee ./Drivers/STM32F1xx_HAL_Driver/Src/stm32f1xx_hal_tim.o
 .debug_line    0x000000000000a499     0x1986 ./Drivers/STM32F1xx_HAL_Driver/Src/stm32f1xx_hal_tim_ex.o

.debug_str      0x0000000000000000    0x81fb3
 .debug_str     0x0000000000000000    0x7f2e8 ./Core/Src/button_debouncing.o
                                      0x7f61f (size before relaxing)
 .debug_str     0x000000000007f2e8      0x12d ./Core/Src/input_process.o
                                      0x7f5d8 (size before relaxing)
 .debug_str     0x000000000007f415      0x275 ./Core/Src/led_display.o
                                      0x7f716 (size before relaxing)
 .debug_str     0x000000000007f68a      0x6f5 ./Core/Src/main.o
                                      0x7fc8b (size before relaxing)
 .debug_str     0x000000000007fd7f      0x2ba ./Core/Src/stm32f1xx_hal_msp.o
                                      0x7fc96 (size before relaxing)
 .debug_str     0x0000000000080039       0xcd ./Core/Src/stm32f1xx_it.o
                                      0x7f9f8 (size before relaxing)
 .debug_str     0x0000000000080106       0x52 ./Core/Src/system_stm32f1xx.o
                                      0x7f4fe (size before relaxing)
 .debug_str     0x0000000000080158       0x36 ./Core/Startup/startup_stm32f103c6tx.o
                                         0x69 (size before relaxing)
 .debug_str     0x000000000008018e      0x304 ./Drivers/STM32F1xx_HAL_Driver/Src/stm32f1xx_hal.o
                                      0x7fb55 (size before relaxing)
 .debug_str     0x0000000000080492      0x300 ./Drivers/STM32F1xx_HAL_Driver/Src/stm32f1xx_hal_cortex.o
                                      0x7fb5d (size before relaxing)
 .debug_str     0x0000000000080792      0x316 ./Drivers/STM32F1xx_HAL_Driver/Src/stm32f1xx_hal_gpio.o
                                      0x7f8c2 (size before relaxing)
 .debug_str     0x0000000000080aa8      0x24f ./Drivers/STM32F1xx_HAL_Driver/Src/stm32f1xx_hal_rcc.o
                                      0x7f8fb (size before relaxing)
 .debug_str     0x0000000000080cf7      0xdce ./Drivers/STM32F1xx_HAL_Driver/Src/stm32f1xx_hal_tim.o
                                      0x808cd (size before relaxing)
 .debug_str     0x0000000000081ac5      0x4ee ./Drivers/STM32F1xx_HAL_Driver/Src/stm32f1xx_hal_tim_ex.o
                                      0x8007e (size before relaxing)

.comment        0x0000000000000000       0x53
 .comment       0x0000000000000000       0x53 ./Core/Src/button_debouncing.o
                                         0x54 (size before relaxing)
 .comment       0x0000000000000053       0x54 ./Core/Src/input_process.o
 .comment       0x0000000000000053       0x54 ./Core/Src/led_display.o
 .comment       0x0000000000000053       0x54 ./Core/Src/main.o
 .comment       0x0000000000000053       0x54 ./Core/Src/stm32f1xx_hal_msp.o
 .comment       0x0000000000000053       0x54 ./Core/Src/stm32f1xx_it.o
 .comment       0x0000000000000053       0x54 ./Core/Src/system_stm32f1xx.o
 .comment       0x0000000000000053       0x54 ./Drivers/STM32F1xx_HAL_Driver/Src/stm32f1xx_hal.o
 .comment       0x0000000000000053       0x54 ./Drivers/STM32F1xx_HAL_Driver/Src/stm32f1xx_hal_cortex.o
 .comment       0x0000000000000053       0x54 ./Drivers/STM32F1xx_HAL_Driver/Src/stm32f1xx_hal_gpio.o
 .comment       0x0000000000000053       0x54 ./Drivers/STM32F1xx_HAL_Driver/Src/stm32f1xx_hal_rcc.o
 .comment       0x0000000000000053       0x54 ./Drivers/STM32F1xx_HAL_Driver/Src/stm32f1xx_hal_tim.o
 .comment       0x0000000000000053       0x54 ./Drivers/STM32F1xx_HAL_Driver/Src/stm32f1xx_hal_tim_ex.o

.debug_frame    0x0000000000000000     0x2940
 .debug_frame   0x0000000000000000       0xcc ./Core/Src/button_debouncing.o
 .debug_frame   0x00000000000000cc       0x84 ./Core/Src/input_process.o
 .debug_frame   0x0000000000000150      0x224 ./Core/Src/led_display.o
 .debug_frame   0x0000000000000374       0xd4 ./Core/Src/main.o
 .debug_frame   0x0000000000000448       0x80 ./Core/Src/stm32f1xx_hal_msp.o
 .debug_frame   0x00000000000004c8      0x120 ./Core/Src/stm32f1xx_it.o
 .debug_frame   0x00000000000005e8       0x58 ./Core/Src/system_stm32f1xx.o
 .debug_frame   0x0000000000000640      0x334 ./Drivers/STM32F1xx_HAL_Driver/Src/stm32f1xx_hal.o
 .debug_frame   0x0000000000000974      0x428 ./Drivers/STM32F1xx_HAL_Driver/Src/stm32f1xx_hal_cortex.o
 .debug_frame   0x0000000000000d9c      0x14c ./Drivers/STM32F1xx_HAL_Driver/Src/stm32f1xx_hal_gpio.o
 .debug_frame   0x0000000000000ee8      0x21c ./Drivers/STM32F1xx_HAL_Driver/Src/stm32f1xx_hal_rcc.o
 .debug_frame   0x0000000000001104     0x11b8 ./Drivers/STM32F1xx_HAL_Driver/Src/stm32f1xx_hal_tim.o
 .debug_frame   0x00000000000022bc      0x638 ./Drivers/STM32F1xx_HAL_Driver/Src/stm32f1xx_hal_tim_ex.o
 .debug_frame   0x00000000000028f4       0x2c d:/stm32cubeide/stm32cubeide/stm32cubeide_1.7.0/stm32cubeide/plugins/com.st.stm32cube.ide.mcu.externaltools.gnu-tools-for-stm32.9-2020-q2-update.win32_2.0.0.202105311346/tools/bin/../lib/gcc/arm-none-eabi/9.3.1/../../../../arm-none-eabi/lib/thumb/v7-m/nofp\libc_nano.a(lib_a-init.o)
 .debug_frame   0x0000000000002920       0x20 d:/stm32cubeide/stm32cubeide/stm32cubeide_1.7.0/stm32cubeide/plugins/com.st.stm32cube.ide.mcu.externaltools.gnu-tools-for-stm32.9-2020-q2-update.win32_2.0.0.202105311346/tools/bin/../lib/gcc/arm-none-eabi/9.3.1/../../../../arm-none-eabi/lib/thumb/v7-m/nofp\libc_nano.a(lib_a-memset.o)
